<?xml version="1.0" encoding="ISO-8859-1" ?>
<link_info>
   <banner>MSP430 Linker PC v18.1.4.LTS</banner>
   <copyright>Copyright (c) 2003-2018 Texas Instruments Incorporated</copyright>
   <link_time>0x5d8922bc</link_time>
   <link_errors>0x0</link_errors>
   <output_file>Feasability_Demo.out</output_file>
   <entry_point>
      <name>_c_int00_noargs</name>
      <address>0xe078</address>
   </entry_point>
   <input_file_list>
      <input_file id="fl-2">
         <path>.\</path>
         <kind>object</kind>
         <file>hal_LCD.obj</file>
         <name>hal_LCD.obj</name>
      </input_file>
      <input_file id="fl-3">
         <path>.\</path>
         <kind>object</kind>
         <file>main.obj</file>
         <name>main.obj</name>
      </input_file>
      <input_file id="fl-4">
         <path>.\driverlib\</path>
         <kind>object</kind>
         <file>adc.obj</file>
         <name>adc.obj</name>
      </input_file>
      <input_file id="fl-5">
         <path>.\driverlib\</path>
         <kind>object</kind>
         <file>crc.obj</file>
         <name>crc.obj</name>
      </input_file>
      <input_file id="fl-6">
         <path>.\driverlib\</path>
         <kind>object</kind>
         <file>cs.obj</file>
         <name>cs.obj</name>
      </input_file>
      <input_file id="fl-7">
         <path>.\driverlib\</path>
         <kind>object</kind>
         <file>ecomp.obj</file>
         <name>ecomp.obj</name>
      </input_file>
      <input_file id="fl-8">
         <path>.\driverlib\</path>
         <kind>object</kind>
         <file>eusci_a_spi.obj</file>
         <name>eusci_a_spi.obj</name>
      </input_file>
      <input_file id="fl-9">
         <path>.\driverlib\</path>
         <kind>object</kind>
         <file>eusci_a_uart.obj</file>
         <name>eusci_a_uart.obj</name>
      </input_file>
      <input_file id="fl-a">
         <path>.\driverlib\</path>
         <kind>object</kind>
         <file>eusci_b_i2c.obj</file>
         <name>eusci_b_i2c.obj</name>
      </input_file>
      <input_file id="fl-b">
         <path>.\driverlib\</path>
         <kind>object</kind>
         <file>eusci_b_spi.obj</file>
         <name>eusci_b_spi.obj</name>
      </input_file>
      <input_file id="fl-c">
         <path>.\driverlib\</path>
         <kind>object</kind>
         <file>framctl.obj</file>
         <name>framctl.obj</name>
      </input_file>
      <input_file id="fl-d">
         <path>.\driverlib\</path>
         <kind>object</kind>
         <file>gpio.obj</file>
         <name>gpio.obj</name>
      </input_file>
      <input_file id="fl-e">
         <path>.\driverlib\</path>
         <kind>object</kind>
         <file>icc.obj</file>
         <name>icc.obj</name>
      </input_file>
      <input_file id="fl-f">
         <path>.\driverlib\</path>
         <kind>object</kind>
         <file>lcd_e.obj</file>
         <name>lcd_e.obj</name>
      </input_file>
      <input_file id="fl-10">
         <path>.\driverlib\</path>
         <kind>object</kind>
         <file>mpy32.obj</file>
         <name>mpy32.obj</name>
      </input_file>
      <input_file id="fl-11">
         <path>.\driverlib\</path>
         <kind>object</kind>
         <file>pmm.obj</file>
         <name>pmm.obj</name>
      </input_file>
      <input_file id="fl-12">
         <path>.\driverlib\</path>
         <kind>object</kind>
         <file>rtc.obj</file>
         <name>rtc.obj</name>
      </input_file>
      <input_file id="fl-13">
         <path>.\driverlib\</path>
         <kind>object</kind>
         <file>sac.obj</file>
         <name>sac.obj</name>
      </input_file>
      <input_file id="fl-14">
         <path>.\driverlib\</path>
         <kind>object</kind>
         <file>sfr.obj</file>
         <name>sfr.obj</name>
      </input_file>
      <input_file id="fl-15">
         <path>.\driverlib\</path>
         <kind>object</kind>
         <file>sysctl.obj</file>
         <name>sysctl.obj</name>
      </input_file>
      <input_file id="fl-16">
         <path>.\driverlib\</path>
         <kind>object</kind>
         <file>tia.obj</file>
         <name>tia.obj</name>
      </input_file>
      <input_file id="fl-17">
         <path>.\driverlib\</path>
         <kind>object</kind>
         <file>timer_a.obj</file>
         <name>timer_a.obj</name>
      </input_file>
      <input_file id="fl-18">
         <path>.\driverlib\</path>
         <kind>object</kind>
         <file>timer_b.obj</file>
         <name>timer_b.obj</name>
      </input_file>
      <input_file id="fl-19">
         <path>.\driverlib\</path>
         <kind>object</kind>
         <file>tlv.obj</file>
         <name>tlv.obj</name>
      </input_file>
      <input_file id="fl-1a">
         <path>.\driverlib\</path>
         <kind>object</kind>
         <file>wdt_a.obj</file>
         <name>wdt_a.obj</name>
      </input_file>
      <input_file id="fl-1f">
         <kind>object</kind>
         <file>&lt;internal&gt;</file>
         <name>&lt;internal&gt;</name>
      </input_file>
      <input_file id="fl-35">
         <path>C:\ti\ccs831\ccsv8\tools\compiler\ti-cgt-msp430_18.1.4.LTS\lib\</path>
         <kind>archive</kind>
         <file>rts430x_lc_sd_eabi.lib</file>
         <name>div16s.asm.obj</name>
      </input_file>
      <input_file id="fl-36">
         <path>C:\ti\ccs831\ccsv8\tools\compiler\ti-cgt-msp430_18.1.4.LTS\lib\</path>
         <kind>archive</kind>
         <file>rts430x_lc_sd_eabi.lib</file>
         <name>div16u.asm.obj</name>
      </input_file>
      <input_file id="fl-37">
         <path>C:\ti\ccs831\ccsv8\tools\compiler\ti-cgt-msp430_18.1.4.LTS\lib\</path>
         <kind>archive</kind>
         <file>rts430x_lc_sd_eabi.lib</file>
         <name>div32s.asm.obj</name>
      </input_file>
      <input_file id="fl-38">
         <path>C:\ti\ccs831\ccsv8\tools\compiler\ti-cgt-msp430_18.1.4.LTS\lib\</path>
         <kind>archive</kind>
         <file>rts430x_lc_sd_eabi.lib</file>
         <name>div32u.asm.obj</name>
      </input_file>
      <input_file id="fl-39">
         <path>C:\ti\ccs831\ccsv8\tools\compiler\ti-cgt-msp430_18.1.4.LTS\lib\</path>
         <kind>archive</kind>
         <file>rts430x_lc_sd_eabi.lib</file>
         <name>int45.asm.obj</name>
      </input_file>
      <input_file id="fl-3a">
         <path>C:\ti\ccs831\ccsv8\tools\compiler\ti-cgt-msp430_18.1.4.LTS\lib\</path>
         <kind>archive</kind>
         <file>rts430x_lc_sd_eabi.lib</file>
         <name>int46.asm.obj</name>
      </input_file>
      <input_file id="fl-3b">
         <path>C:\ti\ccs831\ccsv8\tools\compiler\ti-cgt-msp430_18.1.4.LTS\lib\</path>
         <kind>archive</kind>
         <file>rts430x_lc_sd_eabi.lib</file>
         <name>int47.asm.obj</name>
      </input_file>
      <input_file id="fl-3c">
         <path>C:\ti\ccs831\ccsv8\tools\compiler\ti-cgt-msp430_18.1.4.LTS\lib\</path>
         <kind>archive</kind>
         <file>rts430x_lc_sd_eabi.lib</file>
         <name>int49.asm.obj</name>
      </input_file>
      <input_file id="fl-3d">
         <path>C:\ti\ccs831\ccsv8\tools\compiler\ti-cgt-msp430_18.1.4.LTS\lib\</path>
         <kind>archive</kind>
         <file>rts430x_lc_sd_eabi.lib</file>
         <name>int51.asm.obj</name>
      </input_file>
      <input_file id="fl-3e">
         <path>C:\ti\ccs831\ccsv8\tools\compiler\ti-cgt-msp430_18.1.4.LTS\lib\</path>
         <kind>archive</kind>
         <file>rts430x_lc_sd_eabi.lib</file>
         <name>int52.asm.obj</name>
      </input_file>
      <input_file id="fl-3f">
         <path>C:\ti\ccs831\ccsv8\tools\compiler\ti-cgt-msp430_18.1.4.LTS\lib\</path>
         <kind>archive</kind>
         <file>rts430x_lc_sd_eabi.lib</file>
         <name>int53.asm.obj</name>
      </input_file>
      <input_file id="fl-40">
         <path>C:\ti\ccs831\ccsv8\tools\compiler\ti-cgt-msp430_18.1.4.LTS\lib\</path>
         <kind>archive</kind>
         <file>rts430x_lc_sd_eabi.lib</file>
         <name>int54.asm.obj</name>
      </input_file>
      <input_file id="fl-41">
         <path>C:\ti\ccs831\ccsv8\tools\compiler\ti-cgt-msp430_18.1.4.LTS\lib\</path>
         <kind>archive</kind>
         <file>rts430x_lc_sd_eabi.lib</file>
         <name>int55.asm.obj</name>
      </input_file>
      <input_file id="fl-42">
         <path>C:\ti\ccs831\ccsv8\tools\compiler\ti-cgt-msp430_18.1.4.LTS\lib\</path>
         <kind>archive</kind>
         <file>rts430x_lc_sd_eabi.lib</file>
         <name>int56.asm.obj</name>
      </input_file>
      <input_file id="fl-43">
         <path>C:\ti\ccs831\ccsv8\tools\compiler\ti-cgt-msp430_18.1.4.LTS\lib\</path>
         <kind>archive</kind>
         <file>rts430x_lc_sd_eabi.lib</file>
         <name>int57.asm.obj</name>
      </input_file>
      <input_file id="fl-44">
         <path>C:\ti\ccs831\ccsv8\tools\compiler\ti-cgt-msp430_18.1.4.LTS\lib\</path>
         <kind>archive</kind>
         <file>rts430x_lc_sd_eabi.lib</file>
         <name>int58.asm.obj</name>
      </input_file>
      <input_file id="fl-45">
         <path>C:\ti\ccs831\ccsv8\tools\compiler\ti-cgt-msp430_18.1.4.LTS\lib\</path>
         <kind>archive</kind>
         <file>rts430x_lc_sd_eabi.lib</file>
         <name>isr_trap.asm.obj</name>
      </input_file>
      <input_file id="fl-46">
         <path>C:\ti\ccs831\ccsv8\tools\compiler\ti-cgt-msp430_18.1.4.LTS\lib\</path>
         <kind>archive</kind>
         <file>rts430x_lc_sd_eabi.lib</file>
         <name>lsl16.asm.obj</name>
      </input_file>
      <input_file id="fl-47">
         <path>C:\ti\ccs831\ccsv8\tools\compiler\ti-cgt-msp430_18.1.4.LTS\lib\</path>
         <kind>archive</kind>
         <file>rts430x_lc_sd_eabi.lib</file>
         <name>lsr16.asm.obj</name>
      </input_file>
      <input_file id="fl-48">
         <path>C:\ti\ccs831\ccsv8\tools\compiler\ti-cgt-msp430_18.1.4.LTS\lib\</path>
         <kind>archive</kind>
         <file>rts430x_lc_sd_eabi.lib</file>
         <name>mult32.asm.obj</name>
      </input_file>
      <input_file id="fl-49">
         <path>C:\ti\ccs831\ccsv8\tools\compiler\ti-cgt-msp430_18.1.4.LTS\lib\</path>
         <kind>archive</kind>
         <file>rts430x_lc_sd_eabi.lib</file>
         <name>boot.c.obj</name>
      </input_file>
      <input_file id="fl-4a">
         <path>C:\ti\ccs831\ccsv8\tools\compiler\ti-cgt-msp430_18.1.4.LTS\lib\</path>
         <kind>archive</kind>
         <file>rts430x_lc_sd_eabi.lib</file>
         <name>autoinit.c.obj</name>
      </input_file>
      <input_file id="fl-4b">
         <path>C:\ti\ccs831\ccsv8\tools\compiler\ti-cgt-msp430_18.1.4.LTS\lib\</path>
         <kind>archive</kind>
         <file>rts430x_lc_sd_eabi.lib</file>
         <name>copy_zero_init.c.obj</name>
      </input_file>
      <input_file id="fl-4c">
         <path>C:\ti\ccs831\ccsv8\tools\compiler\ti-cgt-msp430_18.1.4.LTS\lib\</path>
         <kind>archive</kind>
         <file>rts430x_lc_sd_eabi.lib</file>
         <name>cpy_tbl.c.obj</name>
      </input_file>
      <input_file id="fl-4d">
         <path>C:\ti\ccs831\ccsv8\tools\compiler\ti-cgt-msp430_18.1.4.LTS\lib\</path>
         <kind>archive</kind>
         <file>rts430x_lc_sd_eabi.lib</file>
         <name>mpu_init.c.obj</name>
      </input_file>
      <input_file id="fl-4e">
         <path>C:\ti\ccs831\ccsv8\tools\compiler\ti-cgt-msp430_18.1.4.LTS\lib\</path>
         <kind>archive</kind>
         <file>rts430x_lc_sd_eabi.lib</file>
         <name>pre_init.c.obj</name>
      </input_file>
      <input_file id="fl-4f">
         <path>C:\ti\ccs831\ccsv8\tools\compiler\ti-cgt-msp430_18.1.4.LTS\lib\</path>
         <kind>archive</kind>
         <file>rts430x_lc_sd_eabi.lib</file>
         <name>startup.c.obj</name>
      </input_file>
      <input_file id="fl-50">
         <path>C:\ti\ccs831\ccsv8\tools\compiler\ti-cgt-msp430_18.1.4.LTS\lib\</path>
         <kind>archive</kind>
         <file>rts430x_lc_sd_eabi.lib</file>
         <name>copy_decompress_none.c.obj</name>
      </input_file>
      <input_file id="fl-51">
         <path>C:\ti\ccs831\ccsv8\tools\compiler\ti-cgt-msp430_18.1.4.LTS\lib\</path>
         <kind>archive</kind>
         <file>rts430x_lc_sd_eabi.lib</file>
         <name>copy_decompress_lzss.c.obj</name>
      </input_file>
      <input_file id="fl-52">
         <path>C:\ti\ccs831\ccsv8\tools\compiler\ti-cgt-msp430_18.1.4.LTS\lib\</path>
         <kind>archive</kind>
         <file>rts430x_lc_sd_eabi.lib</file>
         <name>exit.c.obj</name>
      </input_file>
      <input_file id="fl-53">
         <path>C:\ti\ccs831\ccsv8\tools\compiler\ti-cgt-msp430_18.1.4.LTS\lib\</path>
         <kind>archive</kind>
         <file>rts430x_lc_sd_eabi.lib</file>
         <name>_lock.c.obj</name>
      </input_file>
      <input_file id="fl-54">
         <path>C:\ti\ccs831\ccsv8\tools\compiler\ti-cgt-msp430_18.1.4.LTS\lib\</path>
         <kind>archive</kind>
         <file>rts430x_lc_sd_eabi.lib</file>
         <name>args_main.c.obj</name>
      </input_file>
      <input_file id="fl-55">
         <path>C:\ti\ccs831\ccsv8\tools\compiler\ti-cgt-msp430_18.1.4.LTS\lib\</path>
         <kind>archive</kind>
         <file>rts430x_lc_sd_eabi.lib</file>
         <name>memcpy.c.obj</name>
      </input_file>
      <input_file id="fl-56">
         <path>C:\ti\ccs831\ccsv8\tools\compiler\ti-cgt-msp430_18.1.4.LTS\lib\</path>
         <kind>archive</kind>
         <file>rts430x_lc_sd_eabi.lib</file>
         <name>printf.c.obj</name>
      </input_file>
      <input_file id="fl-57">
         <path>C:\ti\ccs831\ccsv8\tools\compiler\ti-cgt-msp430_18.1.4.LTS\lib\</path>
         <kind>archive</kind>
         <file>rts430x_lc_sd_eabi.lib</file>
         <name>strlen.c.obj</name>
      </input_file>
      <input_file id="fl-58">
         <path>C:\ti\ccs831\ccsv8\tools\compiler\ti-cgt-msp430_18.1.4.LTS\lib\</path>
         <kind>archive</kind>
         <file>rts430x_lc_sd_eabi.lib</file>
         <name>cpy_util.asm.obj</name>
      </input_file>
      <input_file id="fl-59">
         <path>C:\ti\ccs831\ccsv8\tools\compiler\ti-cgt-msp430_18.1.4.LTS\lib\</path>
         <kind>archive</kind>
         <file>rts430x_lc_sd_eabi.lib</file>
         <name>mult16.asm.obj</name>
      </input_file>
      <input_file id="fl-5a">
         <path>C:\ti\ccs831\ccsv8\tools\compiler\ti-cgt-msp430_18.1.4.LTS\lib\</path>
         <kind>archive</kind>
         <file>rts430x_lc_sd_eabi.lib</file>
         <name>exit_gvars.c.obj</name>
      </input_file>
      <input_file id="fl-5b">
         <path>C:\ti\ccs831\ccsv8\tools\compiler\ti-cgt-msp430_18.1.4.LTS\lib\</path>
         <kind>archive</kind>
         <file>rts430x_lc_sd_eabi.lib</file>
         <name>_printfi_min.c.obj</name>
      </input_file>
      <input_file id="fl-5c">
         <path>C:\ti\ccs831\ccsv8\tools\compiler\ti-cgt-msp430_18.1.4.LTS\lib\</path>
         <kind>archive</kind>
         <file>rts430x_lc_sd_eabi.lib</file>
         <name>defs.c.obj</name>
      </input_file>
      <input_file id="fl-5d">
         <path>C:\ti\ccs831\ccsv8\tools\compiler\ti-cgt-msp430_18.1.4.LTS\lib\</path>
         <kind>archive</kind>
         <file>rts430x_lc_sd_eabi.lib</file>
         <name>fputc.c.obj</name>
      </input_file>
      <input_file id="fl-5e">
         <path>C:\ti\ccs831\ccsv8\tools\compiler\ti-cgt-msp430_18.1.4.LTS\lib\</path>
         <kind>archive</kind>
         <file>rts430x_lc_sd_eabi.lib</file>
         <name>fputs.c.obj</name>
      </input_file>
      <input_file id="fl-5f">
         <path>C:\ti\ccs831\ccsv8\tools\compiler\ti-cgt-msp430_18.1.4.LTS\lib\</path>
         <kind>archive</kind>
         <file>rts430x_lc_sd_eabi.lib</file>
         <name>memccpy.c.obj</name>
      </input_file>
      <input_file id="fl-60">
         <path>C:\ti\ccs831\ccsv8\tools\compiler\ti-cgt-msp430_18.1.4.LTS\lib\</path>
         <kind>archive</kind>
         <file>rts430x_lc_sd_eabi.lib</file>
         <name>memchr.c.obj</name>
      </input_file>
      <input_file id="fl-61">
         <path>C:\ti\ccs831\ccsv8\tools\compiler\ti-cgt-msp430_18.1.4.LTS\lib\</path>
         <kind>archive</kind>
         <file>rts430x_lc_sd_eabi.lib</file>
         <name>memset.c.obj</name>
      </input_file>
      <input_file id="fl-62">
         <path>C:\ti\ccs831\ccsv8\tools\compiler\ti-cgt-msp430_18.1.4.LTS\lib\</path>
         <kind>archive</kind>
         <file>rts430x_lc_sd_eabi.lib</file>
         <name>write.c.obj</name>
      </input_file>
      <input_file id="fl-63">
         <path>C:\ti\ccs831\ccsv8\tools\compiler\ti-cgt-msp430_18.1.4.LTS\lib\</path>
         <kind>archive</kind>
         <file>rts430x_lc_sd_eabi.lib</file>
         <name>lsr64.c.obj</name>
      </input_file>
      <input_file id="fl-64">
         <path>C:\ti\ccs831\ccsv8\tools\compiler\ti-cgt-msp430_18.1.4.LTS\lib\</path>
         <kind>archive</kind>
         <file>rts430x_lc_sd_eabi.lib</file>
         <name>_io_perm.c.obj</name>
      </input_file>
      <input_file id="fl-65">
         <path>C:\ti\ccs831\ccsv8\tools\compiler\ti-cgt-msp430_18.1.4.LTS\lib\</path>
         <kind>archive</kind>
         <file>rts430x_lc_sd_eabi.lib</file>
         <name>fflush.c.obj</name>
      </input_file>
      <input_file id="fl-66">
         <path>C:\ti\ccs831\ccsv8\tools\compiler\ti-cgt-msp430_18.1.4.LTS\lib\</path>
         <kind>archive</kind>
         <file>rts430x_lc_sd_eabi.lib</file>
         <name>fseek.c.obj</name>
      </input_file>
      <input_file id="fl-67">
         <path>C:\ti\ccs831\ccsv8\tools\compiler\ti-cgt-msp430_18.1.4.LTS\lib\</path>
         <kind>archive</kind>
         <file>rts430x_lc_sd_eabi.lib</file>
         <name>lseek.c.obj</name>
      </input_file>
      <input_file id="fl-68">
         <path>C:\ti\ccs831\ccsv8\tools\compiler\ti-cgt-msp430_18.1.4.LTS\lib\</path>
         <kind>archive</kind>
         <file>rts430x_lc_sd_eabi.lib</file>
         <name>setvbuf.c.obj</name>
      </input_file>
      <input_file id="fl-69">
         <path>C:\ti\ccs831\ccsv8\tools\compiler\ti-cgt-msp430_18.1.4.LTS\lib\</path>
         <kind>archive</kind>
         <file>rts430x_lc_sd_eabi.lib</file>
         <name>hostclose.c.obj</name>
      </input_file>
      <input_file id="fl-6a">
         <path>C:\ti\ccs831\ccsv8\tools\compiler\ti-cgt-msp430_18.1.4.LTS\lib\</path>
         <kind>archive</kind>
         <file>rts430x_lc_sd_eabi.lib</file>
         <name>hostlseek.c.obj</name>
      </input_file>
      <input_file id="fl-6b">
         <path>C:\ti\ccs831\ccsv8\tools\compiler\ti-cgt-msp430_18.1.4.LTS\lib\</path>
         <kind>archive</kind>
         <file>rts430x_lc_sd_eabi.lib</file>
         <name>hostopen.c.obj</name>
      </input_file>
      <input_file id="fl-6c">
         <path>C:\ti\ccs831\ccsv8\tools\compiler\ti-cgt-msp430_18.1.4.LTS\lib\</path>
         <kind>archive</kind>
         <file>rts430x_lc_sd_eabi.lib</file>
         <name>hostread.c.obj</name>
      </input_file>
      <input_file id="fl-6d">
         <path>C:\ti\ccs831\ccsv8\tools\compiler\ti-cgt-msp430_18.1.4.LTS\lib\</path>
         <kind>archive</kind>
         <file>rts430x_lc_sd_eabi.lib</file>
         <name>hostrename.c.obj</name>
      </input_file>
      <input_file id="fl-6e">
         <path>C:\ti\ccs831\ccsv8\tools\compiler\ti-cgt-msp430_18.1.4.LTS\lib\</path>
         <kind>archive</kind>
         <file>rts430x_lc_sd_eabi.lib</file>
         <name>hostunlink.c.obj</name>
      </input_file>
      <input_file id="fl-6f">
         <path>C:\ti\ccs831\ccsv8\tools\compiler\ti-cgt-msp430_18.1.4.LTS\lib\</path>
         <kind>archive</kind>
         <file>rts430x_lc_sd_eabi.lib</file>
         <name>hostwrite.c.obj</name>
      </input_file>
      <input_file id="fl-70">
         <path>C:\ti\ccs831\ccsv8\tools\compiler\ti-cgt-msp430_18.1.4.LTS\lib\</path>
         <kind>archive</kind>
         <file>rts430x_lc_sd_eabi.lib</file>
         <name>trgmsg.c.obj</name>
      </input_file>
      <input_file id="fl-71">
         <path>C:\ti\ccs831\ccsv8\tools\compiler\ti-cgt-msp430_18.1.4.LTS\lib\</path>
         <kind>archive</kind>
         <file>rts430x_lc_sd_eabi.lib</file>
         <name>lsl32.asm.obj</name>
      </input_file>
      <input_file id="fl-72">
         <path>C:\ti\ccs831\ccsv8\tools\compiler\ti-cgt-msp430_18.1.4.LTS\lib\</path>
         <kind>archive</kind>
         <file>rts430x_lc_sd_eabi.lib</file>
         <name>memory.c.obj</name>
      </input_file>
      <input_file id="fl-73">
         <path>C:\ti\ccs831\ccsv8\tools\compiler\ti-cgt-msp430_18.1.4.LTS\lib\</path>
         <kind>archive</kind>
         <file>rts430x_lc_sd_eabi.lib</file>
         <name>fopen.c.obj</name>
      </input_file>
      <input_file id="fl-74">
         <path>C:\ti\ccs831\ccsv8\tools\compiler\ti-cgt-msp430_18.1.4.LTS\lib\</path>
         <kind>archive</kind>
         <file>rts430x_lc_sd_eabi.lib</file>
         <name>open.c.obj</name>
      </input_file>
      <input_file id="fl-75">
         <path>C:\ti\ccs831\ccsv8\tools\compiler\ti-cgt-msp430_18.1.4.LTS\lib\</path>
         <kind>archive</kind>
         <file>rts430x_lc_sd_eabi.lib</file>
         <name>strcpy.c.obj</name>
      </input_file>
      <input_file id="fl-76">
         <path>C:\ti\ccs831\ccsv8\tools\compiler\ti-cgt-msp430_18.1.4.LTS\lib\</path>
         <kind>archive</kind>
         <file>rts430x_lc_sd_eabi.lib</file>
         <name>fclose.c.obj</name>
      </input_file>
      <input_file id="fl-77">
         <path>C:\ti\ccs831\ccsv8\tools\compiler\ti-cgt-msp430_18.1.4.LTS\lib\</path>
         <kind>archive</kind>
         <file>rts430x_lc_sd_eabi.lib</file>
         <name>getdevice.c.obj</name>
      </input_file>
      <input_file id="fl-78">
         <path>C:\ti\ccs831\ccsv8\tools\compiler\ti-cgt-msp430_18.1.4.LTS\lib\</path>
         <kind>archive</kind>
         <file>rts430x_lc_sd_eabi.lib</file>
         <name>remove.c.obj</name>
      </input_file>
      <input_file id="fl-79">
         <path>C:\ti\ccs831\ccsv8\tools\compiler\ti-cgt-msp430_18.1.4.LTS\lib\</path>
         <kind>archive</kind>
         <file>rts430x_lc_sd_eabi.lib</file>
         <name>strchr.c.obj</name>
      </input_file>
      <input_file id="fl-7a">
         <path>C:\ti\ccs831\ccsv8\tools\compiler\ti-cgt-msp430_18.1.4.LTS\lib\</path>
         <kind>archive</kind>
         <file>rts430x_lc_sd_eabi.lib</file>
         <name>strcmp.c.obj</name>
      </input_file>
      <input_file id="fl-7b">
         <path>C:\ti\ccs831\ccsv8\tools\compiler\ti-cgt-msp430_18.1.4.LTS\lib\</path>
         <kind>archive</kind>
         <file>rts430x_lc_sd_eabi.lib</file>
         <name>strncpy.c.obj</name>
      </input_file>
      <input_file id="fl-7c">
         <path>C:\ti\ccs831\ccsv8\tools\compiler\ti-cgt-msp430_18.1.4.LTS\lib\</path>
         <kind>archive</kind>
         <file>rts430x_lc_sd_eabi.lib</file>
         <name>unlink.c.obj</name>
      </input_file>
      <input_file id="fl-7d">
         <path>C:\ti\ccs831\ccsv8\tools\compiler\ti-cgt-msp430_18.1.4.LTS\lib\</path>
         <kind>archive</kind>
         <file>rts430x_lc_sd_eabi.lib</file>
         <name>close.c.obj</name>
      </input_file>
   </input_file_list>
   <object_component_list>
      <object_component id="oc-7f3">
         <name>.cinit..data.load</name>
         <load_address>0xc400</load_address>
         <run_address>0xc400</run_address>
         <size>0x13c</size>
      </object_component>
      <object_component id="oc-7f0">
         <name>__TI_handler_table</name>
         <load_address>0xc53e</load_address>
         <run_address>0xc53e</run_address>
         <size>0xc</size>
      </object_component>
      <object_component id="oc-7f2">
         <name>.cinit..bss.load</name>
         <load_address>0xc54a</load_address>
         <run_address>0xc54a</run_address>
         <size>0x6</size>
      </object_component>
      <object_component id="oc-7f1">
         <name>__TI_cinit_table</name>
         <load_address>0xc550</load_address>
         <run_address>0xc550</run_address>
         <size>0x10</size>
      </object_component>
      <object_component id="oc-788">
         <name>.binit</name>
         <load_address>0xc560</load_address>
         <run_address>0xc560</run_address>
         <size>0x0</size>
      </object_component>
      <object_component id="oc-507">
         <name>.const:alphabetBig</name>
         <load_address>0xc560</load_address>
         <run_address>0xc560</run_address>
         <size>0x34</size>
         <input_file_ref idref="fl-2"/>
      </object_component>
      <object_component id="oc-4cf">
         <name>.const:GPIO_PORT_TO_BASE</name>
         <load_address>0xc594</load_address>
         <run_address>0xc594</run_address>
         <size>0x1c</size>
         <input_file_ref idref="fl-d"/>
      </object_component>
      <object_component id="oc-61c">
         <name>.const:.string</name>
         <load_address>0xc5b0</load_address>
         <run_address>0xc5b0</run_address>
         <size>0x14</size>
         <input_file_ref idref="fl-5b"/>
      </object_component>
      <object_component id="oc-50a">
         <name>.const:digit</name>
         <load_address>0xc5c4</load_address>
         <run_address>0xc5c4</run_address>
         <size>0x14</size>
         <input_file_ref idref="fl-2"/>
      </object_component>
      <object_component id="oc-468">
         <name>.const:$P$T0$1</name>
         <load_address>0xc5d8</load_address>
         <run_address>0xc5d8</run_address>
         <size>0x10</size>
         <input_file_ref idref="fl-3"/>
      </object_component>
      <object_component id="oc-48f">
         <name>.const:$P$T0$1</name>
         <load_address>0xc5e8</load_address>
         <run_address>0xc5e8</run_address>
         <size>0xa</size>
         <input_file_ref idref="fl-2"/>
      </object_component>
      <object_component id="oc-3b8">
         <name>.const:.string</name>
         <load_address>0xc5f2</load_address>
         <run_address>0xc5f2</run_address>
         <size>0x4</size>
         <input_file_ref idref="fl-3"/>
      </object_component>
      <object_component id="oc-335">
         <name>.text:main</name>
         <load_address>0xc5f6</load_address>
         <run_address>0xc5f6</run_address>
         <size>0x19a</size>
         <input_file_ref idref="fl-3"/>
      </object_component>
      <object_component id="oc-3b2">
         <name>.text:getKeypadStatus</name>
         <load_address>0xc790</load_address>
         <run_address>0xc790</run_address>
         <size>0x16c</size>
         <input_file_ref idref="fl-3"/>
      </object_component>
      <object_component id="oc-5a0">
         <name>.text:_setfield</name>
         <load_address>0xc8fc</load_address>
         <run_address>0xc8fc</run_address>
         <size>0x10e</size>
         <input_file_ref idref="fl-5b"/>
      </object_component>
      <object_component id="oc-64">
         <name>.text:decompress:lzss:__TI_decompress_lzss</name>
         <load_address>0xca0a</load_address>
         <run_address>0xca0a</run_address>
         <size>0xee</size>
         <input_file_ref idref="fl-51"/>
      </object_component>
      <object_component id="oc-4f7">
         <name>.text:__TI_printfi_minimal</name>
         <load_address>0xcaf8</load_address>
         <run_address>0xcaf8</run_address>
         <size>0xe4</size>
         <input_file_ref idref="fl-5b"/>
      </object_component>
      <object_component id="oc-58c">
         <name>.text:fputs</name>
         <load_address>0xcbdc</load_address>
         <run_address>0xcbdc</run_address>
         <size>0xde</size>
         <input_file_ref idref="fl-5e"/>
      </object_component>
      <object_component id="oc-39a">
         <name>.text:Init_LCD</name>
         <load_address>0xccba</load_address>
         <run_address>0xccba</run_address>
         <size>0xd2</size>
         <input_file_ref idref="fl-2"/>
      </object_component>
      <object_component id="oc-64c">
         <name>.text:setvbuf</name>
         <load_address>0xcd8c</load_address>
         <run_address>0xcd8c</run_address>
         <size>0xcc</size>
         <input_file_ref idref="fl-68"/>
      </object_component>
      <object_component id="oc-45b">
         <name>.text:CS_initClockSignal</name>
         <load_address>0xce58</load_address>
         <run_address>0xce58</run_address>
         <size>0xc8</size>
         <input_file_ref idref="fl-6"/>
      </object_component>
      <object_component id="oc-37c">
         <name>.text:Init_GPIO</name>
         <load_address>0xcf20</load_address>
         <run_address>0xcf20</run_address>
         <size>0xc4</size>
         <input_file_ref idref="fl-3"/>
      </object_component>
      <object_component id="oc-61d">
         <name>.text:_pproc_diouxp</name>
         <load_address>0xcfe4</load_address>
         <run_address>0xcfe4</run_address>
         <size>0xc4</size>
         <input_file_ref idref="fl-5b"/>
      </object_component>
      <object_component id="oc-676">
         <name>.text:malloc</name>
         <load_address>0xd0a8</load_address>
         <run_address>0xd0a8</run_address>
         <size>0xae</size>
         <input_file_ref idref="fl-72"/>
      </object_component>
      <object_component id="oc-4b6">
         <name>.text:LCD_E_setPinAsCOM</name>
         <load_address>0xd156</load_address>
         <run_address>0xd156</run_address>
         <size>0x9e</size>
         <input_file_ref idref="fl-f"/>
      </object_component>
      <object_component id="oc-471">
         <name>.text:EUSCI_A_UART_init</name>
         <load_address>0xd1f4</load_address>
         <run_address>0xd1f4</run_address>
         <size>0x90</size>
         <input_file_ref idref="fl-9"/>
      </object_component>
      <object_component id="oc-593">
         <name>.text:fputc</name>
         <load_address>0xd284</load_address>
         <run_address>0xd284</run_address>
         <size>0x8c</size>
         <input_file_ref idref="fl-5d"/>
      </object_component>
      <object_component id="oc-6da">
         <name>.text:HOSTlseek</name>
         <load_address>0xd310</load_address>
         <run_address>0xd310</run_address>
         <size>0x82</size>
         <input_file_ref idref="fl-6a"/>
      </object_component>
      <object_component id="oc-394">
         <name>.text:Init_UART</name>
         <load_address>0xd392</load_address>
         <run_address>0xd392</run_address>
         <size>0x80</size>
         <input_file_ref idref="fl-3"/>
      </object_component>
      <object_component id="oc-489">
         <name>.text:LCD_E_setPinAsLCDFunctionEx</name>
         <load_address>0xd412</load_address>
         <run_address>0xd412</run_address>
         <size>0x80</size>
         <input_file_ref idref="fl-f"/>
      </object_component>
      <object_component id="oc-670">
         <name>.text:free</name>
         <load_address>0xd492</load_address>
         <run_address>0xd492</run_address>
         <size>0x80</size>
         <input_file_ref idref="fl-72"/>
      </object_component>
      <object_component id="oc-5f8">
         <name>.text:__TI_wrt_ok</name>
         <load_address>0xd512</load_address>
         <run_address>0xd512</run_address>
         <size>0x7a</size>
         <input_file_ref idref="fl-64"/>
      </object_component>
      <object_component id="oc-3bf">
         <name>.text:showChar</name>
         <load_address>0xd58c</load_address>
         <run_address>0xd58c</run_address>
         <size>0x7a</size>
         <input_file_ref idref="fl-2"/>
      </object_component>
      <object_component id="oc-6e6">
         <name>.text:HOSTrename</name>
         <load_address>0xd606</load_address>
         <run_address>0xd606</run_address>
         <size>0x6a</size>
         <input_file_ref idref="fl-6d"/>
      </object_component>
      <object_component id="oc-3f8">
         <name>.text:__TI_auto_init_nobinit_nopinit_hold_wdt:__TI_auto_init_nobinit_nopinit_hold_wdt</name>
         <load_address>0xd670</load_address>
         <run_address>0xd670</run_address>
         <size>0x6a</size>
         <input_file_ref idref="fl-4a"/>
      </object_component>
      <object_component id="oc-646">
         <name>.text:fseek</name>
         <load_address>0xd6da</load_address>
         <run_address>0xd6da</run_address>
         <size>0x6a</size>
         <input_file_ref idref="fl-66"/>
      </object_component>
      <object_component id="oc-6b6">
         <name>.text:__TI_closefile</name>
         <load_address>0xd744</load_address>
         <run_address>0xd744</run_address>
         <size>0x68</size>
         <input_file_ref idref="fl-76"/>
      </object_component>
      <object_component id="oc-6c2">
         <name>.text:HOSTopen</name>
         <load_address>0xd7ac</load_address>
         <run_address>0xd7ac</run_address>
         <size>0x64</size>
         <input_file_ref idref="fl-6b"/>
      </object_component>
      <object_component id="oc-604">
         <name>.text:__TI_doflush</name>
         <load_address>0xd810</load_address>
         <run_address>0xd810</run_address>
         <size>0x62</size>
         <input_file_ref idref="fl-65"/>
      </object_component>
      <object_component id="oc-6d4">
         <name>.text:HOSTwrite</name>
         <load_address>0xd872</load_address>
         <run_address>0xd872</run_address>
         <size>0x60</size>
         <input_file_ref idref="fl-6f"/>
      </object_component>
      <object_component id="oc-6ce">
         <name>.text:HOSTread</name>
         <load_address>0xd8d2</load_address>
         <run_address>0xd8d2</run_address>
         <size>0x5e</size>
         <input_file_ref idref="fl-6c"/>
      </object_component>
      <object_component id="oc-388">
         <name>.text:Init_ADC</name>
         <load_address>0xd930</load_address>
         <run_address>0xd930</run_address>
         <size>0x54</size>
         <input_file_ref idref="fl-3"/>
      </object_component>
      <object_component id="oc-72f">
         <name>.text:getdevice</name>
         <load_address>0xd984</load_address>
         <run_address>0xd984</run_address>
         <size>0x54</size>
         <input_file_ref idref="fl-77"/>
      </object_component>
      <object_component id="oc-6f5">
         <name>.text:close</name>
         <load_address>0xd9d8</load_address>
         <run_address>0xd9d8</run_address>
         <size>0x4a</size>
         <input_file_ref idref="fl-7d"/>
      </object_component>
      <object_component id="oc-3da">
         <name>.text:exit</name>
         <load_address>0xda22</load_address>
         <run_address>0xda22</run_address>
         <size>0x48</size>
         <input_file_ref idref="fl-52"/>
      </object_component>
      <object_component id="oc-6c8">
         <name>.text:HOSTclose</name>
         <load_address>0xda6a</load_address>
         <run_address>0xda6a</run_address>
         <size>0x46</size>
         <input_file_ref idref="fl-69"/>
      </object_component>
      <object_component id="oc-6e0">
         <name>.text:HOSTunlink</name>
         <load_address>0xdab0</load_address>
         <run_address>0xdab0</run_address>
         <size>0x42</size>
         <input_file_ref idref="fl-6e"/>
      </object_component>
      <object_component id="oc-28d">
         <name>.text:__memcpy_far</name>
         <load_address>0xdaf2</load_address>
         <run_address>0xdaf2</run_address>
         <size>0x40</size>
         <input_file_ref idref="fl-58"/>
      </object_component>
      <object_component id="oc-3b9">
         <name>.text:printf</name>
         <load_address>0xdb32</load_address>
         <run_address>0xdb32</run_address>
         <size>0x40</size>
         <input_file_ref idref="fl-56"/>
      </object_component>
      <object_component id="oc-38e">
         <name>.text:Init_Clock</name>
         <load_address>0xdb72</load_address>
         <run_address>0xdb72</run_address>
         <size>0x3e</size>
         <input_file_ref idref="fl-3"/>
      </object_component>
      <object_component id="oc-3cb">
         <name>.text:clearLCD</name>
         <load_address>0xdbb0</load_address>
         <run_address>0xdbb0</run_address>
         <size>0x3e</size>
         <input_file_ref idref="fl-2"/>
      </object_component>
      <object_component id="oc-2aa">
         <name>.text:decompress:ZI:__TI_zero_init_nomemset:__TI_zero_init_nomemset</name>
         <load_address>0xdbee</load_address>
         <run_address>0xdbee</run_address>
         <size>0x3e</size>
         <input_file_ref idref="fl-4b"/>
      </object_component>
      <object_component id="oc-71c">
         <name>.text:l_lsl_const</name>
         <load_address>0xdc2c</load_address>
         <run_address>0xdc2c</run_address>
         <size>0x3e</size>
         <input_file_ref idref="fl-71"/>
      </object_component>
      <object_component id="oc-6a">
         <name>.text:decompress:none:__TI_decompress_none</name>
         <load_address>0xdc6a</load_address>
         <run_address>0xdc6a</run_address>
         <size>0x3c</size>
         <input_file_ref idref="fl-50"/>
      </object_component>
      <object_component id="oc-6af">
         <name>.text:minit</name>
         <load_address>0xdca6</load_address>
         <run_address>0xdca6</run_address>
         <size>0x38</size>
         <input_file_ref idref="fl-72"/>
      </object_component>
      <object_component id="oc-436">
         <name>.text:ADC_init</name>
         <load_address>0xdcde</load_address>
         <run_address>0xdcde</run_address>
         <size>0x34</size>
         <input_file_ref idref="fl-4"/>
      </object_component>
      <object_component id="oc-430">
         <name>.text:GPIO_setAsPeripheralModuleFunctionInputPin</name>
         <load_address>0xdd12</load_address>
         <run_address>0xdd12</run_address>
         <size>0x34</size>
         <input_file_ref idref="fl-d"/>
      </object_component>
      <object_component id="oc-429">
         <name>.text:GPIO_setAsPeripheralModuleFunctionOutputPin</name>
         <load_address>0xdd46</load_address>
         <run_address>0xdd46</run_address>
         <size>0x34</size>
         <input_file_ref idref="fl-d"/>
      </object_component>
      <object_component id="oc-67c">
         <name>.text:__TI_cleanup</name>
         <load_address>0xdd7a</load_address>
         <run_address>0xdd7a</run_address>
         <size>0x32</size>
         <input_file_ref idref="fl-73"/>
      </object_component>
      <object_component id="oc-2a4">
         <name>.text:_isr:EUSCIA0_ISR</name>
         <load_address>0xddac</load_address>
         <run_address>0xddac</run_address>
         <size>0x32</size>
         <input_file_ref idref="fl-3"/>
      </object_component>
      <object_component id="oc-448">
         <name>.text:ADC_configureMemory</name>
         <load_address>0xddde</load_address>
         <run_address>0xddde</run_address>
         <size>0x30</size>
         <input_file_ref idref="fl-4"/>
      </object_component>
      <object_component id="oc-461">
         <name>.text:CS_turnOnXT1LF</name>
         <load_address>0xde0e</load_address>
         <run_address>0xde0e</run_address>
         <size>0x30</size>
         <input_file_ref idref="fl-6"/>
      </object_component>
      <object_component id="oc-29e">
         <name>.text:_isr:ADC_ISR</name>
         <load_address>0xde3e</load_address>
         <run_address>0xde3e</run_address>
         <size>0x30</size>
         <input_file_ref idref="fl-3"/>
      </object_component>
      <object_component id="oc-382">
         <name>.text:Init_PWM</name>
         <load_address>0xde6e</load_address>
         <run_address>0xde6e</run_address>
         <size>0x2e</size>
         <input_file_ref idref="fl-3"/>
      </object_component>
      <object_component id="oc-709">
         <name>.text:__TI_writemsg</name>
         <load_address>0xde9c</load_address>
         <run_address>0xde9c</run_address>
         <size>0x2e</size>
         <input_file_ref idref="fl-70"/>
      </object_component>
      <object_component id="oc-75e">
         <name>.text:finddevice</name>
         <load_address>0xdeca</load_address>
         <run_address>0xdeca</run_address>
         <size>0x2e</size>
         <input_file_ref idref="fl-77"/>
      </object_component>
      <object_component id="oc-70f">
         <name>.text:__TI_readmsg</name>
         <load_address>0xdef8</load_address>
         <run_address>0xdef8</run_address>
         <size>0x2c</size>
         <input_file_ref idref="fl-70"/>
      </object_component>
      <object_component id="oc-502">
         <name>.text</name>
         <load_address>0xdf24</load_address>
         <run_address>0xdf24</run_address>
         <size>0x2c</size>
         <input_file_ref idref="fl-35"/>
      </object_component>
      <object_component id="oc-758">
         <name>.text:strncpy</name>
         <load_address>0xdf50</load_address>
         <run_address>0xdf50</run_address>
         <size>0x2c</size>
         <input_file_ref idref="fl-7b"/>
      </object_component>
      <object_component id="oc-6fc">
         <name>.text:unlink</name>
         <load_address>0xdf7c</load_address>
         <run_address>0xdf7c</run_address>
         <size>0x2a</size>
         <input_file_ref idref="fl-7c"/>
      </object_component>
      <object_component id="oc-492">
         <name>.text:LCD_E_init</name>
         <load_address>0xdfa6</load_address>
         <run_address>0xdfa6</run_address>
         <size>0x28</size>
         <input_file_ref idref="fl-f"/>
      </object_component>
      <object_component id="oc-668">
         <name>.text:lseek</name>
         <load_address>0xdfce</load_address>
         <run_address>0xdfce</run_address>
         <size>0x26</size>
         <input_file_ref idref="fl-67"/>
      </object_component>
      <object_component id="oc-60a">
         <name>.text:write</name>
         <load_address>0xdff4</load_address>
         <run_address>0xdff4</run_address>
         <size>0x24</size>
         <input_file_ref idref="fl-62"/>
      </object_component>
      <object_component id="oc-4d4">
         <name>.text:GPIO_setAsInputPinWithPullUpResistor</name>
         <load_address>0xe018</load_address>
         <run_address>0xe018</run_address>
         <size>0x22</size>
         <input_file_ref idref="fl-d"/>
      </object_component>
      <object_component id="oc-567">
         <name>.text:setLCDFunction</name>
         <load_address>0xe03a</load_address>
         <run_address>0xe03a</run_address>
         <size>0x20</size>
         <input_file_ref idref="fl-f"/>
      </object_component>
      <object_component id="oc-421">
         <name>.text:GPIO_setAsInputPin</name>
         <load_address>0xe05a</load_address>
         <run_address>0xe05a</run_address>
         <size>0x1e</size>
         <input_file_ref idref="fl-d"/>
      </object_component>
      <object_component id="oc-2bc">
         <name>.text:_isr:_c_int00_noargs</name>
         <load_address>0xe078</load_address>
         <run_address>0xe078</run_address>
         <size>0x1c</size>
         <input_file_ref idref="fl-49"/>
      </object_component>
      <object_component id="oc-47d">
         <name>.text:EUSCI_A_UART_enableInterrupt</name>
         <load_address>0xe094</load_address>
         <run_address>0xe094</run_address>
         <size>0x1a</size>
         <input_file_ref idref="fl-9"/>
      </object_component>
      <object_component id="oc-3c5">
         <name>.text:GPIO_getInputPinValue</name>
         <load_address>0xe0ae</load_address>
         <run_address>0xe0ae</run_address>
         <size>0x1a</size>
         <input_file_ref idref="fl-d"/>
      </object_component>
      <object_component id="oc-41b">
         <name>.text:GPIO_setAsOutputPin</name>
         <load_address>0xe0c8</load_address>
         <run_address>0xe0c8</run_address>
         <size>0x1a</size>
         <input_file_ref idref="fl-d"/>
      </object_component>
      <object_component id="oc-623">
         <name>.text:memccpy</name>
         <load_address>0xe0e2</load_address>
         <run_address>0xe0e2</run_address>
         <size>0x1a</size>
         <input_file_ref idref="fl-5f"/>
      </object_component>
      <object_component id="oc-752">
         <name>.text:strchr</name>
         <load_address>0xe0fc</load_address>
         <run_address>0xe0fc</run_address>
         <size>0x1a</size>
         <input_file_ref idref="fl-79"/>
      </object_component>
      <object_component id="oc-777">
         <name>.text:strcmp</name>
         <load_address>0xe116</load_address>
         <run_address>0xe116</run_address>
         <size>0x18</size>
         <input_file_ref idref="fl-7a"/>
      </object_component>
      <object_component id="oc-3ac">
         <name>.text:GPIO_setOutputHighOnPin</name>
         <load_address>0xe12e</load_address>
         <run_address>0xe12e</run_address>
         <size>0x16</size>
         <input_file_ref idref="fl-d"/>
      </object_component>
      <object_component id="oc-3a6">
         <name>.text:GPIO_setOutputLowOnPin</name>
         <load_address>0xe144</load_address>
         <run_address>0xe144</run_address>
         <size>0x16</size>
         <input_file_ref idref="fl-d"/>
      </object_component>
      <object_component id="oc-376">
         <name>.text:WDT_A_hold</name>
         <load_address>0xe15a</load_address>
         <run_address>0xe15a</run_address>
         <size>0x16</size>
         <input_file_ref idref="fl-1a"/>
      </object_component>
      <object_component id="oc-5bb">
         <name>.text</name>
         <load_address>0xe170</load_address>
         <run_address>0xe170</run_address>
         <size>0x16</size>
         <input_file_ref idref="fl-36"/>
      </object_component>
      <object_component id="oc-442">
         <name>.text:ADC_setupSamplingTimer</name>
         <load_address>0xe186</load_address>
         <run_address>0xe186</run_address>
         <size>0x14</size>
         <input_file_ref idref="fl-4"/>
      </object_component>
      <object_component id="oc-31b">
         <name>.text:EUSCI_A_UART_receiveData</name>
         <load_address>0xe19a</load_address>
         <run_address>0xe19a</run_address>
         <size>0x14</size>
         <input_file_ref idref="fl-9"/>
      </object_component>
      <object_component id="oc-321">
         <name>.text:EUSCI_A_UART_transmitData</name>
         <load_address>0xe1ae</load_address>
         <run_address>0xe1ae</run_address>
         <size>0x14</size>
         <input_file_ref idref="fl-9"/>
      </object_component>
      <object_component id="oc-5fe">
         <name>.text:memchr</name>
         <load_address>0xe1c2</load_address>
         <run_address>0xe1c2</run_address>
         <size>0x14</size>
         <input_file_ref idref="fl-60"/>
      </object_component>
      <object_component id="oc-616">
         <name>.text:memset</name>
         <load_address>0xe1d6</load_address>
         <run_address>0xe1d6</run_address>
         <size>0x14</size>
         <input_file_ref idref="fl-61"/>
      </object_component>
      <object_component id="oc-5db">
         <name>.text</name>
         <load_address>0xe1ea</load_address>
         <run_address>0xe1ea</run_address>
         <size>0x14</size>
         <input_file_ref idref="fl-59"/>
      </object_component>
      <object_component id="oc-498">
         <name>.text:LCD_E_setVLCDSource</name>
         <load_address>0xe1fe</load_address>
         <run_address>0xe1fe</run_address>
         <size>0x12</size>
         <input_file_ref idref="fl-f"/>
      </object_component>
      <object_component id="oc-46b">
         <name>.text:memcpy</name>
         <load_address>0xe210</load_address>
         <run_address>0xe210</run_address>
         <size>0x12</size>
         <input_file_ref idref="fl-55"/>
      </object_component>
      <object_component id="oc-725">
         <name>.text:strcpy</name>
         <load_address>0xe222</load_address>
         <run_address>0xe222</run_address>
         <size>0x10</size>
         <input_file_ref idref="fl-75"/>
      </object_component>
      <object_component id="oc-59a">
         <name>.text:strlen</name>
         <load_address>0xe232</load_address>
         <run_address>0xe232</run_address>
         <size>0xe</size>
         <input_file_ref idref="fl-57"/>
      </object_component>
      <object_component id="oc-4c2">
         <name>.text:LCD_E_on</name>
         <load_address>0xe240</load_address>
         <run_address>0xe240</run_address>
         <size>0xc</size>
         <input_file_ref idref="fl-f"/>
      </object_component>
      <object_component id="oc-4aa">
         <name>.text:LCD_E_setChargePumpFreq</name>
         <load_address>0xe24c</load_address>
         <run_address>0xe24c</run_address>
         <size>0xc</size>
         <input_file_ref idref="fl-f"/>
      </object_component>
      <object_component id="oc-49e">
         <name>.text:LCD_E_setVLCDVoltage</name>
         <load_address>0xe258</load_address>
         <run_address>0xe258</run_address>
         <size>0xc</size>
         <input_file_ref idref="fl-f"/>
      </object_component>
      <object_component id="oc-455">
         <name>.text:CS_setExternalClockSource</name>
         <load_address>0xe264</load_address>
         <run_address>0xe264</run_address>
         <size>0xa</size>
         <input_file_ref idref="fl-6"/>
      </object_component>
      <object_component id="oc-4bc">
         <name>.text:LCD_E_selectDisplayMemory</name>
         <load_address>0xe26e</load_address>
         <run_address>0xe26e</run_address>
         <size>0xa</size>
         <input_file_ref idref="fl-f"/>
      </object_component>
      <object_component id="oc-4da">
         <name>.text</name>
         <load_address>0xe278</load_address>
         <run_address>0xe278</run_address>
         <size>0xa</size>
         <input_file_ref idref="fl-46"/>
      </object_component>
      <object_component id="oc-562">
         <name>.text</name>
         <load_address>0xe282</load_address>
         <run_address>0xe282</run_address>
         <size>0xa</size>
         <input_file_ref idref="fl-47"/>
      </object_component>
      <object_component id="oc-43c">
         <name>.text:ADC_enable</name>
         <load_address>0xe28c</load_address>
         <run_address>0xe28c</run_address>
         <size>0x8</size>
         <input_file_ref idref="fl-4"/>
      </object_component>
      <object_component id="oc-2f4">
         <name>.text:ADC_getInterruptStatus</name>
         <load_address>0xe294</load_address>
         <run_address>0xe294</run_address>
         <size>0x8</size>
         <input_file_ref idref="fl-4"/>
      </object_component>
      <object_component id="oc-30f">
         <name>.text:EUSCI_A_UART_getInterruptStatus</name>
         <load_address>0xe29c</load_address>
         <run_address>0xe29c</run_address>
         <size>0x8</size>
         <input_file_ref idref="fl-9"/>
      </object_component>
      <object_component id="oc-4a4">
         <name>.text:LCD_E_enableChargePump</name>
         <load_address>0xe2a4</load_address>
         <run_address>0xe2a4</run_address>
         <size>0x8</size>
         <input_file_ref idref="fl-f"/>
      </object_component>
      <object_component id="oc-299">
         <name>.text:_isr:__TI_ISR_TRAP</name>
         <load_address>0xe2ac</load_address>
         <run_address>0xe2ac</run_address>
         <size>0x8</size>
         <input_file_ref idref="fl-45"/>
      </object_component>
      <object_component id="oc-2fa">
         <name>.text:ADC_clearInterrupt</name>
         <load_address>0xe2b4</load_address>
         <run_address>0xe2b4</run_address>
         <size>0x6</size>
         <input_file_ref idref="fl-4"/>
      </object_component>
      <object_component id="oc-44e">
         <name>.text:ADC_enableInterrupt</name>
         <load_address>0xe2ba</load_address>
         <run_address>0xe2ba</run_address>
         <size>0x6</size>
         <input_file_ref idref="fl-4"/>
      </object_component>
      <object_component id="oc-303">
         <name>.text:ADC_getResults</name>
         <load_address>0xe2c0</load_address>
         <run_address>0xe2c0</run_address>
         <size>0x6</size>
         <input_file_ref idref="fl-4"/>
      </object_component>
      <object_component id="oc-315">
         <name>.text:EUSCI_A_UART_clearInterrupt</name>
         <load_address>0xe2c6</load_address>
         <run_address>0xe2c6</run_address>
         <size>0x6</size>
         <input_file_ref idref="fl-9"/>
      </object_component>
      <object_component id="oc-477">
         <name>.text:EUSCI_A_UART_enable</name>
         <load_address>0xe2cc</load_address>
         <run_address>0xe2cc</run_address>
         <size>0x6</size>
         <input_file_ref idref="fl-9"/>
      </object_component>
      <object_component id="oc-4b0">
         <name>.text:LCD_E_clearAllMemory</name>
         <load_address>0xe2d2</load_address>
         <run_address>0xe2d2</run_address>
         <size>0x6</size>
         <input_file_ref idref="fl-f"/>
      </object_component>
      <object_component id="oc-3a0">
         <name>.text:PMM_unlockLPM5</name>
         <load_address>0xe2d8</load_address>
         <run_address>0xe2d8</run_address>
         <size>0x6</size>
         <input_file_ref idref="fl-11"/>
      </object_component>
      <object_component id="oc-4f1">
         <name>.text:_outc</name>
         <load_address>0xe2de</load_address>
         <run_address>0xe2de</run_address>
         <size>0x6</size>
         <input_file_ref idref="fl-56"/>
      </object_component>
      <object_component id="oc-3d4">
         <name>.text:abort</name>
         <load_address>0xe2e4</load_address>
         <run_address>0xe2e4</run_address>
         <size>0x6</size>
         <input_file_ref idref="fl-52"/>
      </object_component>
      <object_component id="oc-4eb">
         <name>.text:_outs</name>
         <load_address>0xe2ea</load_address>
         <run_address>0xe2ea</run_address>
         <size>0x4</size>
         <input_file_ref idref="fl-56"/>
      </object_component>
      <object_component id="oc-32f">
         <name>.text:_system_pre_init</name>
         <load_address>0xe2ee</load_address>
         <run_address>0xe2ee</run_address>
         <size>0x4</size>
         <input_file_ref idref="fl-4e"/>
      </object_component>
      <object_component id="oc-57f">
         <name>.text:_nop</name>
         <load_address>0xe2f2</load_address>
         <run_address>0xe2f2</run_address>
         <size>0x2</size>
         <input_file_ref idref="fl-53"/>
      </object_component>
      <object_component id="oc-528">
         <name>.text:_system_post_cinit</name>
         <load_address>0xe2f4</load_address>
         <run_address>0xe2f4</run_address>
         <size>0x2</size>
         <input_file_ref idref="fl-4f"/>
      </object_component>
      <object_component id="oc-6a8">
         <name>.bss</name>
         <uninitialized>true</uninitialized>
         <run_address>0x230a</run_address>
         <size>0x6</size>
         <input_file_ref idref="fl-72"/>
      </object_component>
      <object_component id="oc-428">
         <name>.common:param</name>
         <uninitialized>true</uninitialized>
         <run_address>0x22f6</run_address>
         <size>0xc</size>
      </object_component>
      <object_component id="oc-6fb">
         <name>.common:__TI_tmpnams</name>
         <uninitialized>true</uninitialized>
         <run_address>0x2256</run_address>
         <size>0xa0</size>
      </object_component>
      <object_component id="oc-706">
         <name>.common:parmbuf</name>
         <uninitialized>true</uninitialized>
         <run_address>0x2302</run_address>
         <size>0x8</size>
      </object_component>
      <object_component id="oc-300">
         <name>.data</name>
         <load_address>0x212c</load_address>
         <run_address>0x212c</run_address>
         <size>0x4</size>
         <input_file_ref idref="fl-3"/>
      </object_component>
      <object_component id="oc-554">
         <name>.data</name>
         <load_address>0x2128</load_address>
         <run_address>0x2128</run_address>
         <size>0x4</size>
         <input_file_ref idref="fl-6"/>
      </object_component>
      <object_component id="oc-51d">
         <name>.data</name>
         <load_address>0x2132</load_address>
         <run_address>0x2132</run_address>
         <size>0x2</size>
         <input_file_ref idref="fl-52"/>
      </object_component>
      <object_component id="oc-4e5">
         <name>.data:_lock</name>
         <load_address>0x2120</load_address>
         <run_address>0x2120</run_address>
         <size>0x4</size>
         <input_file_ref idref="fl-53"/>
      </object_component>
      <object_component id="oc-4fd">
         <name>.data:_unlock</name>
         <load_address>0x2124</load_address>
         <run_address>0x2124</run_address>
         <size>0x4</size>
         <input_file_ref idref="fl-53"/>
      </object_component>
      <object_component id="oc-523">
         <name>.data:__TI_cleanup_ptr</name>
         <load_address>0x2118</load_address>
         <run_address>0x2118</run_address>
         <size>0x4</size>
         <input_file_ref idref="fl-5a"/>
      </object_component>
      <object_component id="oc-520">
         <name>.data:__TI_dtors_ptr</name>
         <load_address>0x211c</load_address>
         <run_address>0x211c</run_address>
         <size>0x4</size>
         <input_file_ref idref="fl-5a"/>
      </object_component>
      <object_component id="oc-4e8">
         <name>.data:_ftable</name>
         <load_address>0x2078</load_address>
         <run_address>0x2078</run_address>
         <size>0x78</size>
         <input_file_ref idref="fl-5c"/>
      </object_component>
      <object_component id="oc-6bc">
         <name>.data</name>
         <load_address>0x2130</load_address>
         <run_address>0x2130</run_address>
         <size>0x2</size>
         <input_file_ref idref="fl-5c"/>
      </object_component>
      <object_component id="oc-68f">
         <name>.data:_device</name>
         <load_address>0x2000</load_address>
         <run_address>0x2000</run_address>
         <size>0x78</size>
         <input_file_ref idref="fl-62"/>
      </object_component>
      <object_component id="oc-658">
         <name>.data:_stream</name>
         <load_address>0x20f0</load_address>
         <run_address>0x20f0</run_address>
         <size>0x28</size>
         <input_file_ref idref="fl-62"/>
      </object_component>
      <object_component id="oc-6ac">
         <name>.data</name>
         <load_address>0x2134</load_address>
         <run_address>0x2134</run_address>
         <size>0x2</size>
         <input_file_ref idref="fl-72"/>
      </object_component>
      <object_component id="oc-73b">
         <name>.cio</name>
         <uninitialized>true</uninitialized>
         <run_address>0x2136</run_address>
         <size>0x120</size>
         <input_file_ref idref="fl-70"/>
      </object_component>
      <object_component id="oc-27f">
         <name>.sysmem</name>
         <uninitialized>true</uninitialized>
         <run_address>0x2310</run_address>
         <size>0x4</size>
         <input_file_ref idref="fl-72"/>
      </object_component>
      <object_component id="oc-7f5">
         <name>.sysmem</name>
         <uninitialized>true</uninitialized>
         <run_address>0x2310</run_address>
         <size>0x0</size>
      </object_component>
      <object_component id="oc-27b">
         <name>.stack</name>
         <uninitialized>true</uninitialized>
         <run_address>0x2760</run_address>
         <size>0x2</size>
         <input_file_ref idref="fl-49"/>
      </object_component>
      <object_component id="oc-7f4">
         <name>.stack</name>
         <uninitialized>true</uninitialized>
         <run_address>0x2760</run_address>
         <size>0x0</size>
      </object_component>
      <object_component id="oc-70">
         <name>.int45</name>
         <load_address>0xffe2</load_address>
         <run_address>0xffe2</run_address>
         <size>0x2</size>
         <input_file_ref idref="fl-39"/>
      </object_component>
      <object_component id="oc-71">
         <name>.int46</name>
         <load_address>0xffe4</load_address>
         <run_address>0xffe4</run_address>
         <size>0x2</size>
         <input_file_ref idref="fl-3a"/>
      </object_component>
      <object_component id="oc-72">
         <name>.int47</name>
         <load_address>0xffe6</load_address>
         <run_address>0xffe6</run_address>
         <size>0x2</size>
         <input_file_ref idref="fl-3b"/>
      </object_component>
      <object_component id="oc-73">
         <name>.int48</name>
         <load_address>0xffe8</load_address>
         <run_address>0xffe8</run_address>
         <size>0x2</size>
         <input_file_ref idref="fl-3"/>
      </object_component>
      <object_component id="oc-74">
         <name>.int49</name>
         <load_address>0xffea</load_address>
         <run_address>0xffea</run_address>
         <size>0x2</size>
         <input_file_ref idref="fl-3c"/>
      </object_component>
      <object_component id="oc-75">
         <name>.int50</name>
         <load_address>0xffec</load_address>
         <run_address>0xffec</run_address>
         <size>0x2</size>
         <input_file_ref idref="fl-3"/>
      </object_component>
      <object_component id="oc-76">
         <name>.int51</name>
         <load_address>0xffee</load_address>
         <run_address>0xffee</run_address>
         <size>0x2</size>
         <input_file_ref idref="fl-3d"/>
      </object_component>
      <object_component id="oc-77">
         <name>.int52</name>
         <load_address>0xfff0</load_address>
         <run_address>0xfff0</run_address>
         <size>0x2</size>
         <input_file_ref idref="fl-3e"/>
      </object_component>
      <object_component id="oc-78">
         <name>.int53</name>
         <load_address>0xfff2</load_address>
         <run_address>0xfff2</run_address>
         <size>0x2</size>
         <input_file_ref idref="fl-3f"/>
      </object_component>
      <object_component id="oc-79">
         <name>.int54</name>
         <load_address>0xfff4</load_address>
         <run_address>0xfff4</run_address>
         <size>0x2</size>
         <input_file_ref idref="fl-40"/>
      </object_component>
      <object_component id="oc-7a">
         <name>.int55</name>
         <load_address>0xfff6</load_address>
         <run_address>0xfff6</run_address>
         <size>0x2</size>
         <input_file_ref idref="fl-41"/>
      </object_component>
      <object_component id="oc-7b">
         <name>.int56</name>
         <load_address>0xfff8</load_address>
         <run_address>0xfff8</run_address>
         <size>0x2</size>
         <input_file_ref idref="fl-42"/>
      </object_component>
      <object_component id="oc-7c">
         <name>.int57</name>
         <load_address>0xfffa</load_address>
         <run_address>0xfffa</run_address>
         <size>0x2</size>
         <input_file_ref idref="fl-43"/>
      </object_component>
      <object_component id="oc-7d">
         <name>.int58</name>
         <load_address>0xfffc</load_address>
         <run_address>0xfffc</run_address>
         <size>0x2</size>
         <input_file_ref idref="fl-44"/>
      </object_component>
      <object_component id="oc-27e">
         <name>.reset</name>
         <load_address>0xfffe</load_address>
         <run_address>0xfffe</run_address>
         <size>0x2</size>
         <input_file_ref idref="fl-49"/>
      </object_component>
      <object_component id="oc-418">
         <name>.debug_info</name>
         <load_address>0x0</load_address>
         <run_address>0x0</run_address>
         <size>0x496</size>
         <input_file_ref idref="fl-2"/>
      </object_component>
      <object_component id="oc-50b">
         <name>.debug_info</name>
         <load_address>0x496</load_address>
         <run_address>0x496</run_address>
         <size>0xcd</size>
         <input_file_ref idref="fl-2"/>
      </object_component>
      <object_component id="oc-508">
         <name>.debug_info</name>
         <load_address>0x563</load_address>
         <run_address>0x563</run_address>
         <size>0xd9</size>
         <input_file_ref idref="fl-2"/>
      </object_component>
      <object_component id="oc-490">
         <name>.debug_info</name>
         <load_address>0x63c</load_address>
         <run_address>0x63c</run_address>
         <size>0xd0</size>
         <input_file_ref idref="fl-2"/>
      </object_component>
      <object_component id="oc-3c0">
         <name>.debug_info</name>
         <load_address>0x70c</load_address>
         <run_address>0x70c</run_address>
         <size>0x15f</size>
         <input_file_ref idref="fl-2"/>
      </object_component>
      <object_component id="oc-3cc">
         <name>.debug_info</name>
         <load_address>0x86b</load_address>
         <run_address>0x86b</run_address>
         <size>0x103</size>
         <input_file_ref idref="fl-2"/>
      </object_component>
      <object_component id="oc-39b">
         <name>.debug_info</name>
         <load_address>0x96e</load_address>
         <run_address>0x96e</run_address>
         <size>0x29d</size>
         <input_file_ref idref="fl-2"/>
      </object_component>
      <object_component id="oc-512">
         <name>.debug_info</name>
         <load_address>0xc0b</load_address>
         <run_address>0xc0b</run_address>
         <size>0x26b</size>
         <input_file_ref idref="fl-2"/>
      </object_component>
      <object_component id="oc-484">
         <name>.debug_info</name>
         <load_address>0xe76</load_address>
         <run_address>0xe76</run_address>
         <size>0xee</size>
         <input_file_ref idref="fl-2"/>
      </object_component>
      <object_component id="oc-4c9">
         <name>.debug_info</name>
         <load_address>0xf64</load_address>
         <run_address>0xf64</run_address>
         <size>0x9e</size>
         <input_file_ref idref="fl-2"/>
      </object_component>
      <object_component id="oc-517">
         <name>.debug_info</name>
         <load_address>0x1002</load_address>
         <run_address>0x1002</run_address>
         <size>0x392</size>
         <input_file_ref idref="fl-2"/>
      </object_component>
      <object_component id="oc-366">
         <name>.debug_info</name>
         <load_address>0x1394</load_address>
         <run_address>0x1394</run_address>
         <size>0x8b</size>
         <input_file_ref idref="fl-2"/>
      </object_component>
      <object_component id="oc-36c">
         <name>.debug_info</name>
         <load_address>0x141f</load_address>
         <run_address>0x141f</run_address>
         <size>0x275</size>
         <input_file_ref idref="fl-2"/>
      </object_component>
      <object_component id="oc-30a">
         <name>.debug_info</name>
         <load_address>0x1694</load_address>
         <run_address>0x1694</run_address>
         <size>0xbb</size>
         <input_file_ref idref="fl-2"/>
      </object_component>
      <object_component id="oc-353">
         <name>.debug_info</name>
         <load_address>0x174f</load_address>
         <run_address>0x174f</run_address>
         <size>0x2c</size>
         <input_file_ref idref="fl-2"/>
      </object_component>
      <object_component id="oc-3d2">
         <name>.debug_info</name>
         <load_address>0x177b</load_address>
         <run_address>0x177b</run_address>
         <size>0xa3f</size>
         <input_file_ref idref="fl-3"/>
      </object_component>
      <object_component id="oc-301">
         <name>.debug_info</name>
         <load_address>0x21ba</load_address>
         <run_address>0x21ba</run_address>
         <size>0xf3</size>
         <input_file_ref idref="fl-3"/>
      </object_component>
      <object_component id="oc-469">
         <name>.debug_info</name>
         <load_address>0x22ad</load_address>
         <run_address>0x22ad</run_address>
         <size>0xce</size>
         <input_file_ref idref="fl-3"/>
      </object_component>
      <object_component id="oc-383">
         <name>.debug_info</name>
         <load_address>0x237b</load_address>
         <run_address>0x237b</run_address>
         <size>0x12f</size>
         <input_file_ref idref="fl-3"/>
      </object_component>
      <object_component id="oc-389">
         <name>.debug_info</name>
         <load_address>0x24aa</load_address>
         <run_address>0x24aa</run_address>
         <size>0x1b8</size>
         <input_file_ref idref="fl-3"/>
      </object_component>
      <object_component id="oc-38f">
         <name>.debug_info</name>
         <load_address>0x2662</load_address>
         <run_address>0x2662</run_address>
         <size>0x1b2</size>
         <input_file_ref idref="fl-3"/>
      </object_component>
      <object_component id="oc-395">
         <name>.debug_info</name>
         <load_address>0x2814</load_address>
         <run_address>0x2814</run_address>
         <size>0x1fa</size>
         <input_file_ref idref="fl-3"/>
      </object_component>
      <object_component id="oc-37d">
         <name>.debug_info</name>
         <load_address>0x2a0e</load_address>
         <run_address>0x2a0e</run_address>
         <size>0x2ea</size>
         <input_file_ref idref="fl-3"/>
      </object_component>
      <object_component id="oc-3b3">
         <name>.debug_info</name>
         <load_address>0x2cf8</load_address>
         <run_address>0x2cf8</run_address>
         <size>0x306</size>
         <input_file_ref idref="fl-3"/>
      </object_component>
      <object_component id="oc-336">
         <name>.debug_info</name>
         <load_address>0x2ffe</load_address>
         <run_address>0x2ffe</run_address>
         <size>0x3da</size>
         <input_file_ref idref="fl-3"/>
      </object_component>
      <object_component id="oc-2a5">
         <name>.debug_info</name>
         <load_address>0x33d8</load_address>
         <run_address>0x33d8</run_address>
         <size>0x1a4</size>
         <input_file_ref idref="fl-3"/>
      </object_component>
      <object_component id="oc-29f">
         <name>.debug_info</name>
         <load_address>0x357c</load_address>
         <run_address>0x357c</run_address>
         <size>0x162</size>
         <input_file_ref idref="fl-3"/>
      </object_component>
      <object_component id="oc-4e0">
         <name>.debug_info</name>
         <load_address>0x36de</load_address>
         <run_address>0x36de</run_address>
         <size>0x8b</size>
         <input_file_ref idref="fl-3"/>
      </object_component>
      <object_component id="oc-444">
         <name>.debug_info</name>
         <load_address>0x3769</load_address>
         <run_address>0x3769</run_address>
         <size>0x208</size>
         <input_file_ref idref="fl-4"/>
      </object_component>
      <object_component id="oc-439">
         <name>.debug_info</name>
         <load_address>0x3971</load_address>
         <run_address>0x3971</run_address>
         <size>0x285</size>
         <input_file_ref idref="fl-4"/>
      </object_component>
      <object_component id="oc-306">
         <name>.debug_info</name>
         <load_address>0x3bf6</load_address>
         <run_address>0x3bf6</run_address>
         <size>0x163</size>
         <input_file_ref idref="fl-4"/>
      </object_component>
      <object_component id="oc-2f7">
         <name>.debug_info</name>
         <load_address>0x3d59</load_address>
         <run_address>0x3d59</run_address>
         <size>0x1c9</size>
         <input_file_ref idref="fl-4"/>
      </object_component>
      <object_component id="oc-451">
         <name>.debug_info</name>
         <load_address>0x3f22</load_address>
         <run_address>0x3f22</run_address>
         <size>0x1af</size>
         <input_file_ref idref="fl-4"/>
      </object_component>
      <object_component id="oc-43f">
         <name>.debug_info</name>
         <load_address>0x40d1</load_address>
         <run_address>0x40d1</run_address>
         <size>0x157</size>
         <input_file_ref idref="fl-4"/>
      </object_component>
      <object_component id="oc-44b">
         <name>.debug_info</name>
         <load_address>0x4228</load_address>
         <run_address>0x4228</run_address>
         <size>0x2e7</size>
         <input_file_ref idref="fl-4"/>
      </object_component>
      <object_component id="oc-2fd">
         <name>.debug_info</name>
         <load_address>0x450f</load_address>
         <run_address>0x450f</run_address>
         <size>0x1bd</size>
         <input_file_ref idref="fl-4"/>
      </object_component>
      <object_component id="oc-288">
         <name>.debug_info</name>
         <load_address>0x46cc</load_address>
         <run_address>0x46cc</run_address>
         <size>0x84</size>
         <input_file_ref idref="fl-5"/>
      </object_component>
      <object_component id="oc-555">
         <name>.debug_info</name>
         <load_address>0x4750</load_address>
         <run_address>0x4750</run_address>
         <size>0xf7</size>
         <input_file_ref idref="fl-6"/>
      </object_component>
      <object_component id="oc-462">
         <name>.debug_info</name>
         <load_address>0x4847</load_address>
         <run_address>0x4847</run_address>
         <size>0x13a</size>
         <input_file_ref idref="fl-6"/>
      </object_component>
      <object_component id="oc-456">
         <name>.debug_info</name>
         <load_address>0x4981</load_address>
         <run_address>0x4981</run_address>
         <size>0x193</size>
         <input_file_ref idref="fl-6"/>
      </object_component>
      <object_component id="oc-45c">
         <name>.debug_info</name>
         <load_address>0x4b14</load_address>
         <run_address>0x4b14</run_address>
         <size>0x230</size>
         <input_file_ref idref="fl-6"/>
      </object_component>
      <object_component id="oc-55f">
         <name>.debug_info</name>
         <load_address>0x4d44</load_address>
         <run_address>0x4d44</run_address>
         <size>0x153</size>
         <input_file_ref idref="fl-9"/>
      </object_component>
      <object_component id="oc-323">
         <name>.debug_info</name>
         <load_address>0x4e97</load_address>
         <run_address>0x4e97</run_address>
         <size>0x1d2</size>
         <input_file_ref idref="fl-9"/>
      </object_component>
      <object_component id="oc-31d">
         <name>.debug_info</name>
         <load_address>0x5069</load_address>
         <run_address>0x5069</run_address>
         <size>0x192</size>
         <input_file_ref idref="fl-9"/>
      </object_component>
      <object_component id="oc-473">
         <name>.debug_info</name>
         <load_address>0x51fb</load_address>
         <run_address>0x51fb</run_address>
         <size>0x1bf</size>
         <input_file_ref idref="fl-9"/>
      </object_component>
      <object_component id="oc-311">
         <name>.debug_info</name>
         <load_address>0x53ba</load_address>
         <run_address>0x53ba</run_address>
         <size>0x1c2</size>
         <input_file_ref idref="fl-9"/>
      </object_component>
      <object_component id="oc-47f">
         <name>.debug_info</name>
         <load_address>0x557c</load_address>
         <run_address>0x557c</run_address>
         <size>0x1cf</size>
         <input_file_ref idref="fl-9"/>
      </object_component>
      <object_component id="oc-479">
         <name>.debug_info</name>
         <load_address>0x574b</load_address>
         <run_address>0x574b</run_address>
         <size>0x184</size>
         <input_file_ref idref="fl-9"/>
      </object_component>
      <object_component id="oc-317">
         <name>.debug_info</name>
         <load_address>0x58cf</load_address>
         <run_address>0x58cf</run_address>
         <size>0x1b6</size>
         <input_file_ref idref="fl-9"/>
      </object_component>
      <object_component id="oc-57c">
         <name>.debug_info</name>
         <load_address>0x5a85</load_address>
         <run_address>0x5a85</run_address>
         <size>0x158</size>
         <input_file_ref idref="fl-d"/>
      </object_component>
      <object_component id="oc-4d0">
         <name>.debug_info</name>
         <load_address>0x5bdd</load_address>
         <run_address>0x5bdd</run_address>
         <size>0xeb</size>
         <input_file_ref idref="fl-d"/>
      </object_component>
      <object_component id="oc-3a7">
         <name>.debug_info</name>
         <load_address>0x5cc8</load_address>
         <run_address>0x5cc8</run_address>
         <size>0x1da</size>
         <input_file_ref idref="fl-d"/>
      </object_component>
      <object_component id="oc-3ad">
         <name>.debug_info</name>
         <load_address>0x5ea2</load_address>
         <run_address>0x5ea2</run_address>
         <size>0x1dc</size>
         <input_file_ref idref="fl-d"/>
      </object_component>
      <object_component id="oc-42a">
         <name>.debug_info</name>
         <load_address>0x607e</load_address>
         <run_address>0x607e</run_address>
         <size>0x223</size>
         <input_file_ref idref="fl-d"/>
      </object_component>
      <object_component id="oc-431">
         <name>.debug_info</name>
         <load_address>0x62a1</load_address>
         <run_address>0x62a1</run_address>
         <size>0x222</size>
         <input_file_ref idref="fl-d"/>
      </object_component>
      <object_component id="oc-41c">
         <name>.debug_info</name>
         <load_address>0x64c3</load_address>
         <run_address>0x64c3</run_address>
         <size>0x1d1</size>
         <input_file_ref idref="fl-d"/>
      </object_component>
      <object_component id="oc-4d5">
         <name>.debug_info</name>
         <load_address>0x6694</load_address>
         <run_address>0x6694</run_address>
         <size>0x1f6</size>
[...]
         <object_component_ref idref="oc-321"/>
      </symbol>
      <symbol id="sm-44b">
         <name>GPIO_setAsInputPin</name>
         <value>0xe05a</value>
         <object_component_ref idref="oc-421"/>
      </symbol>
      <symbol id="sm-44c">
         <name>GPIO_setOutputHighOnPin</name>
         <value>0xe12e</value>
         <object_component_ref idref="oc-3ac"/>
      </symbol>
      <symbol id="sm-44d">
         <name>GPIO_setAsInputPinWithPullUpResistor</name>
         <value>0xe018</value>
         <object_component_ref idref="oc-4d4"/>
      </symbol>
      <symbol id="sm-44e">
         <name>GPIO_setAsOutputPin</name>
         <value>0xe0c8</value>
         <object_component_ref idref="oc-41b"/>
      </symbol>
      <symbol id="sm-44f">
         <name>GPIO_setOutputLowOnPin</name>
         <value>0xe144</value>
         <object_component_ref idref="oc-3a6"/>
      </symbol>
      <symbol id="sm-450">
         <name>GPIO_setAsPeripheralModuleFunctionOutputPin</name>
         <value>0xdd46</value>
         <object_component_ref idref="oc-429"/>
      </symbol>
      <symbol id="sm-451">
         <name>GPIO_getInputPinValue</name>
         <value>0xe0ae</value>
         <object_component_ref idref="oc-3c5"/>
      </symbol>
      <symbol id="sm-452">
         <name>GPIO_setAsPeripheralModuleFunctionInputPin</name>
         <value>0xdd12</value>
         <object_component_ref idref="oc-430"/>
      </symbol>
      <symbol id="sm-4b3">
         <name>LCD_E_clearAllMemory</name>
         <value>0xe2d2</value>
         <object_component_ref idref="oc-4b0"/>
      </symbol>
      <symbol id="sm-4b4">
         <name>LCD_E_on</name>
         <value>0xe240</value>
         <object_component_ref idref="oc-4c2"/>
      </symbol>
      <symbol id="sm-4b5">
         <name>LCD_E_setPinAsCOM</name>
         <value>0xd156</value>
         <object_component_ref idref="oc-4b6"/>
      </symbol>
      <symbol id="sm-4b6">
         <name>LCD_E_setVLCDSource</name>
         <value>0xe1fe</value>
         <object_component_ref idref="oc-498"/>
      </symbol>
      <symbol id="sm-4b7">
         <name>LCD_E_selectDisplayMemory</name>
         <value>0xe26e</value>
         <object_component_ref idref="oc-4bc"/>
      </symbol>
      <symbol id="sm-4b8">
         <name>LCD_E_setChargePumpFreq</name>
         <value>0xe24c</value>
         <object_component_ref idref="oc-4aa"/>
      </symbol>
      <symbol id="sm-4b9">
         <name>LCD_E_init</name>
         <value>0xdfa6</value>
         <object_component_ref idref="oc-492"/>
      </symbol>
      <symbol id="sm-4ba">
         <name>LCD_E_enableChargePump</name>
         <value>0xe2a4</value>
         <object_component_ref idref="oc-4a4"/>
      </symbol>
      <symbol id="sm-4bb">
         <name>LCD_E_setVLCDVoltage</name>
         <value>0xe258</value>
         <object_component_ref idref="oc-49e"/>
      </symbol>
      <symbol id="sm-4bc">
         <name>LCD_E_setPinAsLCDFunctionEx</name>
         <value>0xd412</value>
         <object_component_ref idref="oc-489"/>
      </symbol>
      <symbol id="sm-4c6">
         <name>PMM_unlockLPM5</name>
         <value>0xe2d8</value>
         <object_component_ref idref="oc-3a0"/>
      </symbol>
      <symbol id="sm-4d7">
         <name>WDT_A_hold</name>
         <value>0xe15a</value>
         <object_component_ref idref="oc-376"/>
      </symbol>
      <symbol id="sm-4e3">
         <name>__mspabi_remi</name>
         <value>0xdf24</value>
         <object_component_ref idref="oc-502"/>
      </symbol>
      <symbol id="sm-4e4">
         <name>__mspabi_divi</name>
         <value>0xdf24</value>
         <object_component_ref idref="oc-502"/>
      </symbol>
      <symbol id="sm-4ee">
         <name>__mspabi_remu</name>
         <value>0xe170</value>
         <object_component_ref idref="oc-5bb"/>
      </symbol>
      <symbol id="sm-4ef">
         <name>__mspabi_divu</name>
         <value>0xe170</value>
         <object_component_ref idref="oc-5bb"/>
      </symbol>
      <symbol id="sm-4f4">
         <name>__TI_int45</name>
         <value>0xffe2</value>
         <object_component_ref idref="oc-70"/>
      </symbol>
      <symbol id="sm-4f7">
         <name>__TI_int46</name>
         <value>0xffe4</value>
         <object_component_ref idref="oc-71"/>
      </symbol>
      <symbol id="sm-4fa">
         <name>__TI_int47</name>
         <value>0xffe6</value>
         <object_component_ref idref="oc-72"/>
      </symbol>
      <symbol id="sm-4fd">
         <name>__TI_int49</name>
         <value>0xffea</value>
         <object_component_ref idref="oc-74"/>
      </symbol>
      <symbol id="sm-500">
         <name>__TI_int51</name>
         <value>0xffee</value>
         <object_component_ref idref="oc-76"/>
      </symbol>
      <symbol id="sm-503">
         <name>__TI_int52</name>
         <value>0xfff0</value>
         <object_component_ref idref="oc-77"/>
      </symbol>
      <symbol id="sm-506">
         <name>__TI_int53</name>
         <value>0xfff2</value>
         <object_component_ref idref="oc-78"/>
      </symbol>
      <symbol id="sm-509">
         <name>__TI_int54</name>
         <value>0xfff4</value>
         <object_component_ref idref="oc-79"/>
      </symbol>
      <symbol id="sm-50c">
         <name>__TI_int55</name>
         <value>0xfff6</value>
         <object_component_ref idref="oc-7a"/>
      </symbol>
      <symbol id="sm-50f">
         <name>__TI_int56</name>
         <value>0xfff8</value>
         <object_component_ref idref="oc-7b"/>
      </symbol>
      <symbol id="sm-512">
         <name>__TI_int57</name>
         <value>0xfffa</value>
         <object_component_ref idref="oc-7c"/>
      </symbol>
      <symbol id="sm-515">
         <name>__TI_int58</name>
         <value>0xfffc</value>
         <object_component_ref idref="oc-7d"/>
      </symbol>
      <symbol id="sm-51d">
         <name>__TI_ISR_TRAP</name>
         <value>0xe2ac</value>
         <object_component_ref idref="oc-299"/>
      </symbol>
      <symbol id="sm-526">
         <name>__mspabi_slli</name>
         <value>0xe278</value>
         <object_component_ref idref="oc-4da"/>
      </symbol>
      <symbol id="sm-52f">
         <name>__mspabi_srli</name>
         <value>0xe282</value>
         <object_component_ref idref="oc-562"/>
      </symbol>
      <symbol id="sm-540">
         <name>_stack</name>
         <value>0x2760</value>
         <object_component_ref idref="oc-27b"/>
      </symbol>
      <symbol id="sm-541">
         <name>_c_int00_noargs</name>
         <value>0xe078</value>
         <object_component_ref idref="oc-2bc"/>
      </symbol>
      <symbol id="sm-542">
         <name>_reset_vector</name>
         <value>0xfffe</value>
         <object_component_ref idref="oc-27e"/>
      </symbol>
      <symbol id="sm-564">
         <name>__TI_auto_init_nobinit_nopinit_hold_wdt</name>
         <value>0xd670</value>
         <object_component_ref idref="oc-3f8"/>
      </symbol>
      <symbol id="sm-574">
         <name>__TI_zero_init_nomemset</name>
         <value>0xdbee</value>
         <object_component_ref idref="oc-2aa"/>
      </symbol>
      <symbol id="sm-57f">
         <name>_system_pre_init</name>
         <value>0xe2ee</value>
         <object_component_ref idref="oc-32f"/>
      </symbol>
      <symbol id="sm-588">
         <name>_system_post_cinit</name>
         <value>0xe2f4</value>
         <object_component_ref idref="oc-528"/>
      </symbol>
      <symbol id="sm-599">
         <name>__TI_decompress_none</name>
         <value>0xdc6a</value>
         <object_component_ref idref="oc-6a"/>
      </symbol>
      <symbol id="sm-5ba">
         <name>__TI_decompress_lzss</name>
         <value>0xca0a</value>
         <object_component_ref idref="oc-64"/>
      </symbol>
      <symbol id="sm-5d7">
         <name>C$$EXIT</name>
         <value>0xe2e4</value>
         <object_component_ref idref="oc-3d4"/>
      </symbol>
      <symbol id="sm-5d8">
         <name>abort</name>
         <value>0xe2e4</value>
         <object_component_ref idref="oc-3d4"/>
      </symbol>
      <symbol id="sm-5d9">
         <name>__TI_enable_exit_profile_output</name>
         <value>0x2132</value>
         <object_component_ref idref="oc-51d"/>
      </symbol>
      <symbol id="sm-5da">
         <name>exit</name>
         <value>0xda22</value>
         <object_component_ref idref="oc-3da"/>
      </symbol>
      <symbol id="sm-5f0">
         <name>_nop</name>
         <value>0xe2f2</value>
         <object_component_ref idref="oc-57f"/>
      </symbol>
      <symbol id="sm-5f1">
         <name>_lock</name>
         <value>0x2120</value>
         <object_component_ref idref="oc-4e5"/>
      </symbol>
      <symbol id="sm-5f2">
         <name>_unlock</name>
         <value>0x2124</value>
         <object_component_ref idref="oc-4fd"/>
      </symbol>
      <symbol id="sm-601">
         <name>memcpy</name>
         <value>0xe210</value>
         <object_component_ref idref="oc-46b"/>
      </symbol>
      <symbol id="sm-62e">
         <name>printf</name>
         <value>0xdb32</value>
         <object_component_ref idref="oc-3b9"/>
      </symbol>
      <symbol id="sm-63b">
         <name>strlen</name>
         <value>0xe232</value>
         <object_component_ref idref="oc-59a"/>
      </symbol>
      <symbol id="sm-646">
         <name>__memcpy_far</name>
         <value>0xdaf2</value>
         <object_component_ref idref="oc-28d"/>
      </symbol>
      <symbol id="sm-650">
         <name>__mspabi_mpyi_sw</name>
         <value>0xe1ea</value>
         <object_component_ref idref="oc-5db"/>
      </symbol>
      <symbol id="sm-651">
         <name>__mspabi_mpyi</name>
         <value>0xe1ea</value>
         <object_component_ref idref="oc-5db"/>
      </symbol>
      <symbol id="sm-660">
         <name>__TI_dtors_ptr</name>
         <value>0x211c</value>
         <object_component_ref idref="oc-520"/>
      </symbol>
      <symbol id="sm-661">
         <name>__TI_cleanup_ptr</name>
         <value>0x2118</value>
         <object_component_ref idref="oc-523"/>
      </symbol>
      <symbol id="sm-6af">
         <name>__TI_printfi_minimal</name>
         <value>0xcaf8</value>
         <object_component_ref idref="oc-4f7"/>
      </symbol>
      <symbol id="sm-6bf">
         <name>__TI_tmpnams</name>
         <value>0x2256</value>
      </symbol>
      <symbol id="sm-6c0">
         <name>_ftable</name>
         <value>0x2078</value>
         <object_component_ref idref="oc-4e8"/>
      </symbol>
      <symbol id="sm-6c1">
         <name>__TI_ft_end</name>
         <value>0x2130</value>
         <object_component_ref idref="oc-6bc"/>
      </symbol>
      <symbol id="sm-6d4">
         <name>putc</name>
         <value>0xd284</value>
         <object_component_ref idref="oc-593"/>
      </symbol>
      <symbol id="sm-6d5">
         <name>fputc</name>
         <value>0xd284</value>
         <object_component_ref idref="oc-593"/>
      </symbol>
      <symbol id="sm-6ed">
         <name>fputs</name>
         <value>0xcbdc</value>
         <object_component_ref idref="oc-58c"/>
      </symbol>
      <symbol id="sm-6fc">
         <name>memccpy</name>
         <value>0xe0e2</value>
         <object_component_ref idref="oc-623"/>
      </symbol>
      <symbol id="sm-70b">
         <name>memchr</name>
         <value>0xe1c2</value>
         <object_component_ref idref="oc-5fe"/>
      </symbol>
      <symbol id="sm-719">
         <name>memset</name>
         <value>0xe1d6</value>
         <object_component_ref idref="oc-616"/>
      </symbol>
      <symbol id="sm-73a">
         <name>_stream</name>
         <value>0x20f0</value>
         <object_component_ref idref="oc-658"/>
      </symbol>
      <symbol id="sm-73b">
         <name>_device</name>
         <value>0x2000</value>
         <object_component_ref idref="oc-68f"/>
      </symbol>
      <symbol id="sm-73c">
         <name>write</name>
         <value>0xdff4</value>
         <object_component_ref idref="oc-60a"/>
      </symbol>
      <symbol id="sm-755">
         <name>__TI_wrt_ok</name>
         <value>0xd512</value>
         <object_component_ref idref="oc-5f8"/>
      </symbol>
      <symbol id="sm-766">
         <name>__TI_doflush</name>
         <value>0xd810</value>
         <object_component_ref idref="oc-604"/>
      </symbol>
      <symbol id="sm-776">
         <name>fseek</name>
         <value>0xd6da</value>
         <object_component_ref idref="oc-646"/>
      </symbol>
      <symbol id="sm-783">
         <name>lseek</name>
         <value>0xdfce</value>
         <object_component_ref idref="oc-668"/>
      </symbol>
      <symbol id="sm-79b">
         <name>setvbuf</name>
         <value>0xcd8c</value>
         <object_component_ref idref="oc-64c"/>
      </symbol>
      <symbol id="sm-7a7">
         <name>HOSTclose</name>
         <value>0xda6a</value>
         <object_component_ref idref="oc-6c8"/>
      </symbol>
      <symbol id="sm-7b3">
         <name>HOSTlseek</name>
         <value>0xd310</value>
         <object_component_ref idref="oc-6da"/>
      </symbol>
      <symbol id="sm-7c1">
         <name>parmbuf</name>
         <value>0x2302</value>
      </symbol>
      <symbol id="sm-7c2">
         <name>HOSTopen</name>
         <value>0xd7ac</value>
         <object_component_ref idref="oc-6c2"/>
      </symbol>
      <symbol id="sm-7cf">
         <name>HOSTread</name>
         <value>0xd8d2</value>
         <object_component_ref idref="oc-6ce"/>
      </symbol>
      <symbol id="sm-7db">
         <name>HOSTrename</name>
         <value>0xd606</value>
         <object_component_ref idref="oc-6e6"/>
      </symbol>
      <symbol id="sm-7e7">
         <name>HOSTunlink</name>
         <value>0xdab0</value>
         <object_component_ref idref="oc-6e0"/>
      </symbol>
      <symbol id="sm-7f4">
         <name>HOSTwrite</name>
         <value>0xd872</value>
         <object_component_ref idref="oc-6d4"/>
      </symbol>
      <symbol id="sm-812">
         <name>__TI_readmsg</name>
         <value>0xdef8</value>
         <object_component_ref idref="oc-70f"/>
      </symbol>
      <symbol id="sm-813">
         <name>C$$IO$$</name>
         <value>0xdec6</value>
         <object_component_ref idref="oc-709"/>
      </symbol>
      <symbol id="sm-814">
         <name>_CIOBUF_</name>
         <value>0x2136</value>
         <object_component_ref idref="oc-73b"/>
      </symbol>
      <symbol id="sm-815">
         <name>__TI_writemsg</name>
         <value>0xde9c</value>
         <object_component_ref idref="oc-709"/>
      </symbol>
      <symbol id="sm-81d">
         <name>__mspabi_slll_9</name>
         <value>0xdc44</value>
         <object_component_ref idref="oc-71c"/>
      </symbol>
      <symbol id="sm-81e">
         <name>__mspabi_slll_8</name>
         <value>0xdc48</value>
         <object_component_ref idref="oc-71c"/>
      </symbol>
      <symbol id="sm-81f">
         <name>__mspabi_slll_7</name>
         <value>0xdc4c</value>
         <object_component_ref idref="oc-71c"/>
      </symbol>
      <symbol id="sm-820">
         <name>__mspabi_slll_6</name>
         <value>0xdc50</value>
         <object_component_ref idref="oc-71c"/>
      </symbol>
      <symbol id="sm-821">
         <name>__mspabi_slll_5</name>
         <value>0xdc54</value>
         <object_component_ref idref="oc-71c"/>
      </symbol>
      <symbol id="sm-822">
         <name>__mspabi_slll_4</name>
         <value>0xdc58</value>
         <object_component_ref idref="oc-71c"/>
      </symbol>
      <symbol id="sm-823">
         <name>__mspabi_slll_3</name>
         <value>0xdc5c</value>
         <object_component_ref idref="oc-71c"/>
      </symbol>
      <symbol id="sm-824">
         <name>__mspabi_slll_2</name>
         <value>0xdc60</value>
         <object_component_ref idref="oc-71c"/>
      </symbol>
      <symbol id="sm-825">
         <name>__mspabi_slll_1</name>
         <value>0xdc64</value>
         <object_component_ref idref="oc-71c"/>
      </symbol>
      <symbol id="sm-826">
         <name>__mspabi_slll_15</name>
         <value>0xdc2c</value>
         <object_component_ref idref="oc-71c"/>
      </symbol>
      <symbol id="sm-827">
         <name>__mspabi_slll_14</name>
         <value>0xdc30</value>
         <object_component_ref idref="oc-71c"/>
      </symbol>
      <symbol id="sm-828">
         <name>__mspabi_slll_13</name>
         <value>0xdc34</value>
         <object_component_ref idref="oc-71c"/>
      </symbol>
      <symbol id="sm-829">
         <name>__mspabi_slll_12</name>
         <value>0xdc38</value>
         <object_component_ref idref="oc-71c"/>
      </symbol>
      <symbol id="sm-82a">
         <name>__mspabi_slll_11</name>
         <value>0xdc3c</value>
         <object_component_ref idref="oc-71c"/>
      </symbol>
      <symbol id="sm-82b">
         <name>__mspabi_slll_10</name>
         <value>0xdc40</value>
         <object_component_ref idref="oc-71c"/>
      </symbol>
      <symbol id="sm-87c">
         <name>_sys_memory</name>
         <value>0x2310</value>
         <object_component_ref idref="oc-27f"/>
      </symbol>
      <symbol id="sm-87d">
         <name>free</name>
         <value>0xd492</value>
         <object_component_ref idref="oc-670"/>
      </symbol>
      <symbol id="sm-87e">
         <name>malloc</name>
         <value>0xd0a8</value>
         <object_component_ref idref="oc-676"/>
      </symbol>
      <symbol id="sm-87f">
         <name>minit</name>
         <value>0xdca6</value>
         <object_component_ref idref="oc-6af"/>
      </symbol>
      <symbol id="sm-88b">
         <name>__TI_cleanup</name>
         <value>0xdd7a</value>
         <object_component_ref idref="oc-67c"/>
      </symbol>
      <symbol id="sm-899">
         <name>strcpy</name>
         <value>0xe222</value>
         <object_component_ref idref="oc-725"/>
      </symbol>
      <symbol id="sm-8aa">
         <name>__TI_closefile</name>
         <value>0xd744</value>
         <object_component_ref idref="oc-6b6"/>
      </symbol>
      <symbol id="sm-8c9">
         <name>finddevice</name>
         <value>0xdeca</value>
         <object_component_ref idref="oc-75e"/>
      </symbol>
      <symbol id="sm-8ca">
         <name>getdevice</name>
         <value>0xd984</value>
         <object_component_ref idref="oc-72f"/>
      </symbol>
      <symbol id="sm-8da">
         <name>strchr</name>
         <value>0xe0fc</value>
         <object_component_ref idref="oc-752"/>
      </symbol>
      <symbol id="sm-8e8">
         <name>strcmp</name>
         <value>0xe116</value>
         <object_component_ref idref="oc-777"/>
      </symbol>
      <symbol id="sm-8f8">
         <name>strncpy</name>
         <value>0xdf50</value>
         <object_component_ref idref="oc-758"/>
      </symbol>
      <symbol id="sm-904">
         <name>unlink</name>
         <value>0xdf7c</value>
         <object_component_ref idref="oc-6fc"/>
      </symbol>
      <symbol id="sm-916">
         <name>close</name>
         <value>0xd9d8</value>
         <object_component_ref idref="oc-6f5"/>
      </symbol>
      <symbol id="sm-91a">
         <name>remove</name>
         <value>0xdf7c</value>
      </symbol>
   </symbol_table>
   <title>Link successful</title>
</link_info>
